src/pages/Dashboard/index.tsx(23,9): error TS6133: 'handleAIAnalysis' is declared but its value is never read.
